// Jest Snapshot v1, https://goo.gl/fbAQLP

exports[`[Intro] screen rendering test should render outer component and snapshot matches 1`] = `
<div
  className="sc-AxgMl jXmnMG"
>
  <div
    className="sc-AxheI ezLxAz"
  >
    <span
      className="sc-AxmLO gkEgeX"
    >
      
    </span>
    <span
      className="sc-AxmLO gkEgeX"
    >
      
    </span>
    <span
      className="sc-AxmLO gkEgeX"
    >
      
    </span>
  </div>
  <div
    className="sc-Axmtr TvOmY"
  >
    <button
      className="sc-AxjAm cwAnes"
      onClick={[Function]}
      style={
        Object {
          "display": "flex",
          "height": "60px",
        }
      }
    >
      <div
        className="sc-AxirZ gvdnJD"
      >
        <img
          className="sc-AxhCb doTzn"
          src="test-file-stub"
        />
        <span
          className="sc-AxiKw kvcIxV"
        >
          Login
        </span>
      </div>
    </button>
    <button
      className="sc-AxjAm cwAnes"
      onClick={[Function]}
      style={
        Object {
          "display": "flex",
          "height": "60px",
        }
      }
    >
      <div
        className="sc-AxirZ gvdnJD"
      >
        <span
          className="sc-AxiKw kvcIxV"
        >
          Navigate
        </span>
      </div>
    </button>
    <button
      className="sc-AxjAm cwAnes"
      onClick={[Function]}
      style={
        Object {
          "display": "flex",
          "height": "60px",
        }
      }
    >
      <div
        className="sc-AxirZ gvdnJD"
      >
        <span
          className="sc-AxiKw kvcIxV"
        >
          Change theme
        </span>
      </div>
    </button>
  </div>
</div>
`;
